
================================================================================

  (Run Starting)

  ┌────────────────────────────────────────────────────────────────────────────────────────────────┐
  │ Cypress:        12.16.0                                                                        │
  │ Browser:        Electron 106 (headless)                                                        │
  │ Node Version:   v16.20.1 (/usr/local/bin/node)                                                 │
  │ Specs:          1 found (all.cy.js)                                                            │
  │ Searched:       cypress/e2e/all/all.cy.js                                                      │
  └────────────────────────────────────────────────────────────────────────────────────────────────┘


────────────────────────────────────────────────────────────────────────────────────────────────────
                                                                                                    
  Running:  all.cy.js                                                                       (1 of 1)


  Challenge Calendar App
    ✓ Open Page (1375ms)
    ✓ Go To February (3697ms)
    ✓ Create Groundhog Day (4621ms)
    ✓ Delete Groundhog Day (4751ms)


  4 passing (17s)


  (Results)

  ┌────────────────────────────────────────────────────────────────────────────────────────────────┐
  │ Tests:        4                                                                                │
  │ Passing:      4                                                                                │
  │ Failing:      0                                                                                │
  │ Pending:      0                                                                                │
  │ Skipped:      0                                                                                │
  │ Screenshots:  0                                                                                │
  │ Video:        true                                                                             │
  │ Duration:     17 seconds                                                                       │
  │ Spec Ran:     all.cy.js                                                                        │
  └────────────────────────────────────────────────────────────────────────────────────────────────┘


  (Video)

  -  Started compressing: Compressing to 32 CRF                                                     
  -  Finished compressing: 3 seconds                                                 

  -  Video output: /home/lgalvan/Escritorio/challenge/qa-challenge-01/cypress/videos/all.cy.js.mp4


================================================================================

  (Run Finished)


       Spec                                              Tests  Passing  Failing  Pending  Skipped  
  ┌────────────────────────────────────────────────────────────────────────────────────────────────┐
  │ ✔  all.cy.js                                00:17        4        4        -        -        - │
  └────────────────────────────────────────────────────────────────────────────────────────────────┘
    ✔  All specs passed!                        00:17        4        4        -        -        -  

